npx.cmd : Γ¿» Unable to acquire lock at 
C:\Users\Rifat\Projects\lolfortnite_web\.next\lock, is another instance of 
next build running?
At line:1 char:1
+ npx.cmd next build > build_output.txt 2>&1 ; exit $LASTEXITCODE
+ ~~~~~~~~~~~~~~~~~~~~~~~~~~~~~~~~~~~~~~~~~~
    + CategoryInfo          : NotSpecified: (Γ¿» Unable to a... build running? 
   :String) [], RemoteException
    + FullyQualifiedErrorId : NativeCommandError
 
  Suggestion: If you intended to restart next build, terminate the other process, and then try again.
